
> dashboard-admin@0.0.0 build
> ng build --configuration staging

node.exe : - Generating 
browser application 
bundles (phase: setup)...
At C:\Program 
Files\nodejs\npm.ps1:29 
char:3
+   & $NODE_EXE 
$NPM_CLI_JS $args
+   ~~~~~~~~~~~~~~~~~~~~~~
~~~~~~~
    + CategoryInfo        
      : NotSpecified: (-  
   Generating br...hase   
 : setup)...:String) [    
], RemoteException
    + FullyQualifiedError 
   Id : NativeCommandErr  
  or
 
Γ£ö Browser application 
bundle generation 
complete.
Γ£ö Browser application 
bundle generation 
complete.

./src/app/billing/vc-billi
ng/vc-billing.component.sc
ss?ngResource - Warning: 
Module Warning (from ./nod
e_modules/postcss-loader/d
ist/cjs.js):
(41:3) from 
"autoprefixer" plugin: 
end value has mixed 
support, consider using 
flex-end instead

Code:
  justify-content: end


./src/app/other-orders/vir
tual-cafeteria/order-subsc
ription-package-card/order
-subscription-package-card
.component.scss?ngResource
 - Warning: Module 
Warning (from ./node_modul
es/postcss-loader/dist/cjs
.js):
(228:3) from 
"autoprefixer" plugin: 
start value has mixed 
support, consider using 
flex-start instead

Code:
  justify-content: start


./src/app/vendor-firm/vend
or-firm-view/vendor-daily-
report/vendor-daily-report
.component.scss?ngResource
 - Warning: Module 
Warning (from ./node_modul
es/postcss-loader/dist/cjs
.js):
(936:3) from 
"autoprefixer" plugin: 
end value has mixed 
support, consider using 
flex-end instead

Code:
  justify-content: end


Warning: src/app/event-pop
up/event-pop-card/event-po
p-card.component.html:105:
37 - warning NG8107: The 
left side of this 
optional chain operation 
does not include 'null' 
or 'undefined' in its 
type, therefore the '?.' 
operator can be replaced 
with the '.' operator.

105     <mat-paginator 
[length]="event?.length 
|| 0" 
[pageSize]="pageSize" 
[pageIndex]="pageIndex"
                          
              ~~~~~~

  src/app/event-popup/even
t-pop-card/event-pop-card.
component.ts:12:16
    12   templateUrl: './e
vent-pop-card.component.ht
ml',
                      ~~~~
~~~~~~~~~~~~~~~~~~~~~~~~~~
~~~
    Error occurs in the 
template of component 
EventPopCardComponent.


Warning: src/app/orders-da
shboard/orders-dashboard.c
omponent.html:64:60 - 
warning NG8107: The left 
side of this optional 
chain operation does not 
include 'null' or 
'undefined' in its type, 
therefore the '?.' 
operator can be replaced 
with the '.' operator.

64                        
             ordersByDate[
dateKey]?.length }}</span>
                          
                          
          ~~~~~~

  src/app/orders-dashboard
/orders-dashboard.componen
t.ts:12:16
    12   templateUrl: './o
rders-dashboard.component.
html',
                      ~~~~
~~~~~~~~~~~~~~~~~~~~~~~~~~
~~~~~
    Error occurs in the 
template of component 
OrdersDashboardComponent.


Warning: src/app/organizat
ion-dashboard/org-emp-poll
/org-emp-poll.component.ht
ml:56:105 - warning 
NG8107: The left side of 
this optional chain 
operation does not 
include 'null' or 
'undefined' in its type, 
therefore the '?.' 
operator can be replaced 
with the '.' operator.

56             <button 
class="btn-export" (click)
="exportEmployeePollToExce
l()" [disabled]="!filtered
List?.length || 
isLoading">
                          
                          
                          
                          
   ~~~~~~

  src/app/organization-das
hboard/org-emp-poll/org-em
p-poll.component.ts:13:18
    13     templateUrl: '.
/org-emp-poll.component.ht
ml',
                        ~~
~~~~~~~~~~~~~~~~~~~~~~~~~~
~~~
    Error occurs in the 
template of component 
OrgEmpPollComponent.


Warning: src/app/other-ord
ers/emp-poll/emp-poll.comp
onent.html:48:121 - 
warning NG8107: The left 
side of this optional 
chain operation does not 
include 'null' or 
'undefined' in its type, 
therefore the '?.' 
operator can be replaced 
with the '.' operator.

48             <button 
mat-stroked-button 
color="primary" (click)="e
xportEmployeePollToExcel()
" [disabled]="!filteredLis
t?.length || isLoading">
                          
                          
                          
                          
                   ~~~~~~

  src/app/other-orders/emp
-poll/emp-poll.component.t
s:9:18
    9     templateUrl: './
emp-poll.component.html',
                       ~~~
~~~~~~~~~~~~~~~~~~~~~~~~
    Error occurs in the 
template of component 
EmployeePollComponent.


Warning: src/app/outlet/ou
tlet-card/outlet-card.comp
onent.html:107:34 - 
warning NG8107: The left 
side of this optional 
chain operation does not 
include 'null' or 
'undefined' in its type, 
therefore the '?.' 
operator can be replaced 
with the '.' operator.

107 <mat-paginator 
[length]="outlet?.length 
|| 0" 
[pageSize]="pageSize" 
[pageIndex]="pageIndex"
                          
           ~~~~~~

  src/app/outlet/outlet-ca
rd/outlet-card.component.t
s:14:16
    14   templateUrl: './o
utlet-card.component.html'
,
                      ~~~~
~~~~~~~~~~~~~~~~~~~~~~~~~~
    Error occurs in the 
template of component 
OutletCardComponent.


Warning: src/app/outlet/ou
tlet-master-menu/outlet-ma
ster-menu.component.html:4
9:38 - warning NG8107: 
The left side of this 
optional chain operation 
does not include 'null' 
or 'undefined' in its 
type, therefore the '?.' 
operator can be replaced 
with the '.' operator.

49           <span>{{ 
filteredMenuList?.length 
|| 0 }} items</span>
                          
              ~~~~~~

  src/app/outlet/outlet-ma
ster-menu/outlet-master-me
nu.component.ts:18:16
    18   templateUrl: './o
utlet-master-menu.componen
t.html',
                      ~~~~
~~~~~~~~~~~~~~~~~~~~~~~~~~
~~~~~~~
    Error occurs in the 
template of component 
OutletMasterMenuComponent.


Warning: src/app/outlet/ou
tlet-view/outlet-menu/outl
et-menu.component.html:80:
38 - warning NG8107: The 
left side of this 
optional chain operation 
does not include 'null' 
or 'undefined' in its 
type, therefore the '?.' 
operator can be replaced 
with the '.' operator.

80           <span>{{ 
filteredMenuList?.length 
|| 0 }} items</span>
                          
              ~~~~~~

  src/app/outlet/outlet-vi
ew/outlet-menu/outlet-menu
.component.ts:20:16
    20   templateUrl: './o
utlet-menu.component.html'
,
                      ~~~~
~~~~~~~~~~~~~~~~~~~~~~~~~~
    Error occurs in the 
template of component 
OutletMenuComponent.


Warning: src/app/outlet/ou
tlet-view/qr-menu/qr-menu.
component.html:47:31 - 
warning NG8107: The left 
side of this optional 
chain operation does not 
include 'null' or 
'undefined' in its type, 
therefore the '?.' 
operator can be replaced 
with the '.' operator.

47           <span>{{ 
allGroups?.length || 0 }} 
group{{ 
(allGroups?.length || 0) 
!== 1 ? 's' : '' }}</span>
                          
       ~~~~~~

  src/app/outlet/outlet-vi
ew/qr-menu/qr-menu.compone
nt.ts:31:16
    31   templateUrl: './q
r-menu.component.html',
                      
~~~~~~~~~~~~~~~~~~~~~~~~~~
    Error occurs in the 
template of component 
QrMenuComponent.


Warning: src/app/outlet/ou
tlet-view/qr-menu/qr-menu.
component.html:47:66 - 
warning NG8107: The left 
side of this optional 
chain operation does not 
include 'null' or 
'undefined' in its type, 
therefore the '?.' 
operator can be replaced 
with the '.' operator.

47           <span>{{ 
allGroups?.length || 0 }} 
group{{ 
(allGroups?.length || 0) 
!== 1 ? 's' : '' }}</span>
                          
                          
                ~~~~~~

  src/app/outlet/outlet-vi
ew/qr-menu/qr-menu.compone
nt.ts:31:16
    31   templateUrl: './q
r-menu.component.html',
                      
~~~~~~~~~~~~~~~~~~~~~~~~~~
    Error occurs in the 
template of component 
QrMenuComponent.


Warning: D:\omkar\deskdyne
\deskdyneDashboard\src\app
\organization-dashboard\or
g-bulk-order-history\org-b
ulk-order-history.componen
t.ts depends on 
'highcharts'. CommonJS or 
AMD dependencies can 
cause optimization 
bailouts.
For more info see: https:/
/angular.io/guide/build#co
nfiguring-commonjs-depende
ncies

Warning: D:\omkar\deskdyne
\deskdyneDashboard\src\app
\organization-dashboard\or
g-emp-poll\org-emp-poll.co
mponent.ts depends on 
'exceljs'. CommonJS or 
AMD dependencies can 
cause optimization 
bailouts.
For more info see: https:/
/angular.io/guide/build#co
nfiguring-commonjs-depende
ncies

Warning: D:\omkar\deskdyne
\deskdyneDashboard\src\app
\organization-dashboard\or
g-emp-poll\org-emp-poll.co
mponent.ts depends on 
'file-saver'. CommonJS or 
AMD dependencies can 
cause optimization 
bailouts.
For more info see: https:/
/angular.io/guide/build#co
nfiguring-commonjs-depende
ncies

Warning: D:\omkar\deskdyne
\deskdyneDashboard\src\app
\organization-dashboard\or
g-reviews\org-reviews.comp
onent.ts depends on 'highc
harts/modules/drilldown'. 
CommonJS or AMD 
dependencies can cause 
optimization bailouts.
For more info see: https:/
/angular.io/guide/build#co
nfiguring-commonjs-depende
ncies

Warning: D:\omkar\deskdyne
\deskdyneDashboard\src\app
\organization-dashboard\or
g-salary-deduction\org-sal
ary-deduction.component.ts
 depends on 
'pdfmake/build/pdfmake'. 
CommonJS or AMD 
dependencies can cause 
optimization bailouts.
For more info see: https:/
/angular.io/guide/build#co
nfiguring-commonjs-depende
ncies

Warning: D:\omkar\deskdyne
\deskdyneDashboard\src\app
\organization-dashboard\or
g-salary-deduction\org-sal
ary-deduction.component.ts
 depends on 'pdfmake/build
/vfs_fonts'. CommonJS or 
AMD dependencies can 
cause optimization 
bailouts.
For more info see: https:/
/angular.io/guide/build#co
nfiguring-commonjs-depende
ncies



Error: src/app/event-popup
/add-event-pop/add-event-p
op.component.ts:240:16 - 
error TS2339: Property 
'toasterService' does not 
exist on type 
'AddEventPopComponent'.

240           this.toaster
Service.success('Event 
Popup updated 
successfully');
                   
~~~~~~~~~~~~~~


Error: src/app/event-popup
/event-pop-card/event-pop-
card.component.html:104:38
 - error TS2532: Object 
is possibly 'undefined'.

104 <div 
class="footer-paginator" 
*ngIf="event?.length > 
pageSize">
                          
               
~~~~~~~~~~~~~~~~~~~~~~~~

  src/app/event-popup/even
t-pop-card/event-pop-card.
component.ts:12:16
    12   templateUrl: './e
vent-pop-card.component.ht
ml',
                      ~~~~
~~~~~~~~~~~~~~~~~~~~~~~~~~
~~~
    Error occurs in the 
template of component 
EventPopCardComponent.



